2026-04-10 12:07:32,378 [INFO] app.main — ARCMS connection starting up...
2026-04-10 12:07:32,445 [INFO] app.main — Database connection pool initialized
2026-04-10 12:15:27,150 [INFO] app.main — Database pool closed. ARCMS shut down cleanly.
2026-04-10 16:52:03,622 [INFO] app.main — ARCMS connection starting up...
2026-04-10 16:52:03,638 [INFO] app.main — Database connection pool initialized
2026-04-10 17:16:46,256 [INFO] app.main — Database pool closed. ARCMS shut down cleanly.
2026-04-10 17:18:58,658 [INFO] app.main — ARCMS connection starting up...
2026-04-10 17:18:58,659 [INFO] app.main — Database connection pool initialized
2026-04-10 17:22:20,296 [INFO] app.main — Database pool closed. ARCMS shut down cleanly.
2026-04-10 17:22:28,043 [INFO] app.main — ARCMS connection starting up...
2026-04-10 17:22:28,045 [INFO] app.main — Database connection pool initialized
2026-04-10 17:26:01,508 [WARNING] passlib.handlers.bcrypt — (trapped) error reading bcrypt version
Traceback (most recent call last):
  File "C:\Users\hp\ARCMS\venv\lib\site-packages\passlib\handlers\bcrypt.py", line 620, in _load_backend_mixin
    version = _bcrypt.__about__.__version__
AttributeError: module 'bcrypt' has no attribute '__about__'
2026-04-10 17:26:01,726 [ERROR] app.routers.auth — Registration error for exceliyoha103@gmail.com: password cannot be longer than 72 bytes, truncate manually if necessary (e.g. my_password[:72])
2026-04-10 17:30:19,503 [INFO] app.main — Database pool closed. ARCMS shut down cleanly.
2026-04-10 17:33:30,380 [INFO] app.main — ARCMS connection starting up...
2026-04-10 17:33:30,381 [INFO] app.main — Database connection pool initialized
2026-04-10 17:37:11,973 [ERROR] app.routers.auth — Registration error for exceliyoha103@gmail.com: name 'current_user' is not defined
2026-04-10 17:38:45,585 [INFO] app.main — Database pool closed. ARCMS shut down cleanly.
2026-04-10 17:41:39,342 [INFO] app.main — ARCMS connection starting up...
2026-04-10 17:41:39,344 [INFO] app.main — Database connection pool initialized
2026-04-10 17:47:39,397 [INFO] app.auth — Token created for: exceliyoha103@gmail.com role: registrar
2026-04-10 17:47:39,397 [INFO] app.routers.auth — User logged in: exceliyoha103@gmail.com role: registrar
2026-04-10 17:49:51,299 [INFO] app.auth — Token created for: exceliyoha103@gmail.com role: registrar
2026-04-10 17:49:51,300 [INFO] app.routers.auth — User logged in: exceliyoha103@gmail.com role: registrar
2026-04-10 17:53:59,159 [INFO] app.routers.admin — Department created: TED by exceliyoha103@gmail.com
2026-04-10 17:55:05,696 [INFO] app.routers.admin — Session 2025/2026 created by exceliyoha103@gmail.com
2026-04-10 18:00:59,122 [INFO] app.main — Database pool closed. ARCMS shut down cleanly.
2026-04-10 22:45:31,621 [INFO] app.main — ARCMS connection starting up...
2026-04-10 22:45:31,773 [INFO] app.main — Database connection pool initialized
2026-04-10 23:00:02,449 [INFO] app.main — Database pool closed. ARCMS shut down cleanly.
2026-04-10 23:02:24,145 [INFO] app.main — ARCMS connection starting up...
2026-04-10 23:02:24,147 [INFO] app.main — Database connection pool initialized
2026-04-10 23:09:08,501 [INFO] app.main — Database pool closed. ARCMS shut down cleanly.
2026-04-11 00:13:48,310 [INFO] app.main — ARCMS connection starting up...
2026-04-11 00:13:48,328 [INFO] app.main — Database connection pool initialized
2026-04-11 00:21:31,782 [INFO] app.main — Database pool closed. ARCMS shut down cleanly.
2026-04-11 00:30:56,728 [INFO] app.main — ARCMS connection starting up...
2026-04-11 00:30:56,754 [INFO] app.main — Database connection pool initialized
2026-04-11 00:32:22,444 [INFO] app.auth — Token created for: registrar@afit.edu.ng role: registrar
2026-04-11 00:32:22,447 [INFO] app.routers.auth — User logged in: registrar@afit.edu.ng role: registrar
2026-04-11 00:34:32,855 [INFO] app.auth — Token created for: registrar@afit.edu.ng role: registrar
2026-04-11 00:34:32,855 [INFO] app.routers.auth — User logged in: registrar@afit.edu.ng role: registrar
2026-04-11 00:36:15,344 [INFO] app.main — Database pool closed. ARCMS shut down cleanly.
2026-04-11 11:58:01,166 [INFO] app.main — ARCMS connection starting up...
2026-04-11 11:58:01,273 [INFO] app.main — Database connection pool initialized
2026-04-11 11:58:39,953 [INFO] app.main — Database pool closed. ARCMS shut down cleanly.
2026-04-11 11:58:46,502 [INFO] app.main — ARCMS connection starting up...
2026-04-11 11:58:46,503 [INFO] app.main — Database connection pool initialized
2026-04-11 11:58:52,614 [INFO] app.main — Database pool closed. ARCMS shut down cleanly.
2026-04-11 11:59:00,491 [INFO] app.main — ARCMS connection starting up...
2026-04-11 11:59:00,492 [INFO] app.main — Database connection pool initialized
2026-04-11 11:59:00,655 [INFO] app.main — Database pool closed. ARCMS shut down cleanly.
2026-04-11 11:59:08,549 [INFO] app.main — ARCMS connection starting up...
2026-04-11 11:59:08,550 [INFO] app.main — Database connection pool initialized
2026-04-11 12:07:46,734 [INFO] app.main — Database pool closed. ARCMS shut down cleanly.
2026-04-11 12:07:53,796 [INFO] app.main — ARCMS connection starting up...
2026-04-11 12:07:53,797 [INFO] app.main — Database connection pool initialized
2026-04-11 12:10:40,388 [INFO] app.auth — Token created for: registrar@afit.edu.ng role: registrar
2026-04-11 12:10:40,388 [INFO] app.routers.auth — User logged in: registrar@afit.edu.ng role: registrar
2026-04-11 12:27:26,842 [INFO] app.auth — Token created for: registrar@afit.edu.ng role: registrar
2026-04-11 12:27:26,843 [INFO] app.routers.auth — User logged in: registrar@afit.edu.ng role: registrar
2026-04-11 12:37:05,669 [INFO] app.main — Database pool closed. ARCMS shut down cleanly.
2026-04-11 12:37:24,104 [INFO] app.main — ARCMS connection starting up...
2026-04-11 12:37:24,105 [INFO] app.main — Database connection pool initialized
2026-04-11 12:37:45,007 [INFO] app.main — Database pool closed. ARCMS shut down cleanly.
2026-04-11 12:55:27,471 [INFO] app.main — ARCMS connection starting up...
2026-04-11 12:55:27,506 [INFO] app.main — Database connection pool initialized
2026-04-11 12:55:44,649 [INFO] app.auth — Token created for: registrar@afit.edu.ng role: registrar
2026-04-11 12:55:44,649 [INFO] app.routers.auth — User logged in: registrar@afit.edu.ng role: registrar
2026-04-11 13:14:55,613 [INFO] app.routers.admin — registrar@afit.edu.ng fetched student list — 0 students
2026-04-11 13:47:00,725 [INFO] app.auth — Token created for: registrar@afit.edu.ng role: registrar
2026-04-11 13:47:00,739 [INFO] app.routers.auth — User logged in: registrar@afit.edu.ng role: registrar
2026-04-11 13:47:04,752 [INFO] app.routers.admin — registrar@afit.edu.ng fetched student list — 0 students
2026-04-11 13:51:51,586 [INFO] app.main — Database pool closed. ARCMS shut down cleanly.
2026-04-13 10:40:50,250 [INFO] app.main — ARCMS connection starting up...
2026-04-13 10:40:50,263 [INFO] app.main — Database connection pool initialized
2026-04-13 10:41:28,529 [INFO] app.auth — Token created for: registrar@afit.edu.ng role: registrar
2026-04-13 10:41:28,531 [INFO] app.routers.auth — User logged in: registrar@afit.edu.ng role: registrar
2026-04-13 10:41:30,396 [INFO] app.routers.admin — registrar@afit.edu.ng fetched student list — 0 students
2026-04-13 10:42:14,756 [INFO] app.auth — Token created for: registrar@afit.edu.ng role: registrar
2026-04-13 10:42:14,759 [INFO] app.routers.auth — User logged in: registrar@afit.edu.ng role: registrar
2026-04-13 10:42:15,755 [INFO] app.routers.admin — registrar@afit.edu.ng fetched student list — 0 students
2026-04-13 10:43:36,702 [INFO] app.auth — Token created for: registrar@afit.edu.ng role: registrar
2026-04-13 10:43:36,702 [INFO] app.routers.auth — User logged in: registrar@afit.edu.ng role: registrar
2026-04-13 10:43:37,716 [INFO] app.routers.admin — registrar@afit.edu.ng fetched student list — 0 students
2026-04-13 10:50:01,624 [INFO] app.auth — Token created for: registrar@afit.edu.ng role: registrar
2026-04-13 10:50:01,689 [INFO] app.routers.auth — User logged in: registrar@afit.edu.ng role: registrar
2026-04-13 10:50:05,309 [INFO] app.routers.admin — registrar@afit.edu.ng fetched student list — 0 students
2026-04-13 11:03:42,855 [INFO] app.auth — Token created for: registrar@afit.edu.ng role: registrar
2026-04-13 11:03:42,859 [INFO] app.routers.auth — User logged in: registrar@afit.edu.ng role: registrar
2026-04-13 11:03:44,087 [INFO] app.routers.admin — registrar@afit.edu.ng fetched student list — 0 students
2026-04-13 11:09:49,083 [INFO] app.auth — Token created for: registrar@afit.edu.ng role: registrar
2026-04-13 11:09:49,083 [INFO] app.routers.auth — User logged in: registrar@afit.edu.ng role: registrar
2026-04-13 11:09:50,182 [INFO] app.routers.admin — registrar@afit.edu.ng fetched student list — 0 students
2026-04-13 11:18:49,961 [INFO] app.auth — Token created for: registrar@afit.edu.ng role: registrar
2026-04-13 11:18:49,962 [INFO] app.routers.auth — User logged in: registrar@afit.edu.ng role: registrar
2026-04-13 11:18:51,147 [INFO] app.routers.admin — registrar@afit.edu.ng fetched student list — 0 students
2026-04-13 15:07:30,599 [INFO] app.main — ARCMS connection starting up...
2026-04-13 15:07:30,611 [INFO] app.main — Database connection pool initialized
2026-04-13 15:08:13,186 [INFO] app.routers.admin — registrar@afit.edu.ng fetched student list — 0 students
2026-04-13 15:39:26,147 [INFO] app.auth — Token created for: registrar@afit.edu.ng role: registrar
2026-04-13 15:39:26,148 [INFO] app.routers.auth — User logged in: registrar@afit.edu.ng role: registrar
2026-04-13 15:39:29,083 [INFO] app.routers.admin — registrar@afit.edu.ng fetched student list — 0 students
2026-04-13 16:00:49,426 [INFO] app.main — Database pool closed. ARCMS shut down cleanly.
